<script type="text/html" id="fixtures/TemplateA">
    <span class="a" data-bind="text: foo"></span>
</script>

<script type="text/html" id="fixtures/TemplateB">
    <span class="b" data-bind="text: bar"></span>
</script>

